[backblue.gif]
[fade.gif]
[index.html]
[itbanglaapp2020.herokuapp.com/static/assets/img/favicon.png]
[itbanglaapp2020.herokuapp.com/static/images/welcome.png]
[itbanglaapp2020.herokuapp.com/static/images/g1.jpg]
[itbanglaapp2020.herokuapp.com/static/images/g2.jpg]
[itbanglaapp2020.herokuapp.com/static/images/g3.jpg]
[itbanglaapp2020.herokuapp.com/static/assets/img/blog/home-items/img1.jpg]
[itbanglaapp2020.herokuapp.com/static/assets/img/blog/home-items/img2.jpg]
[itbanglaapp2020.herokuapp.com/static/assets/img/blog/home-items/img3.jpg]
[itbanglaapp2020.herokuapp.com/static/images/1.jpg]
[itbanglaapp2020.herokuapp.com/static/images/redhat.jpg]
[itbanglaapp2020.herokuapp.com/static/images/oracle.jpg]
[itbanglaapp2020.herokuapp.com/static/images/pearson.png]
[itbanglaapp2020.herokuapp.com/static/images/prometric.jpg]
[itbanglaapp2020.herokuapp.com/static/images/Pearson-Vue.jpg]
[itbanglaapp2020.herokuapp.com/static/js/jquery-2.1.4.min.js]
[itbanglaapp2020.herokuapp.com/static/js/jquery.vide.min.js]
[itbanglaapp2020.herokuapp.com/static/js/responsiveslides.min.js]
[itbanglaapp2020.herokuapp.com/static/js/waypoints.min.js]
[itbanglaapp2020.herokuapp.com/static/js/counterup.min.js]
[itbanglaapp2020.herokuapp.com/static/js/jquery.flexslider.js]
[itbanglaapp2020.herokuapp.com/static/js/bootstrap.js]
[itbanglaapp2020.herokuapp.com/index.html]
[itbanglaapp2020.herokuapp.com/static/fonts/glyphicons-halflings-regular.eot]
[itbanglaapp2020.herokuapp.com/static/fonts/glyphicons-halflings-regulard41d.eot]
[itbanglaapp2020.herokuapp.com/static/fonts/glyphicons-halflings-regular.woff2]
[itbanglaapp2020.herokuapp.com/static/fonts/glyphicons-halflings-regular.woff]
[itbanglaapp2020.herokuapp.com/static/fonts/glyphicons-halflings-regular.ttf]
[itbanglaapp2020.herokuapp.com/static/css/bootstrap.css]
[itbanglaapp2020.herokuapp.com/static/images/banner1.jpg]
[itbanglaapp2020.herokuapp.com/static/images/banner2.jpg]
[itbanglaapp2020.herokuapp.com/static/css/style.css]
[itbanglaapp2020.herokuapp.com/static/fonts/fontawesome-webfont3e6e.eot]
[itbanglaapp2020.herokuapp.com/static/fonts/fontawesome-webfontd41d.eot]
[itbanglaapp2020.herokuapp.com/static/fonts/fontawesome-webfont3e6e.woff2]
[itbanglaapp2020.herokuapp.com/static/fonts/fontawesome-webfont3e6e.woff]
[itbanglaapp2020.herokuapp.com/static/fonts/fontawesome-webfont3e6e.ttf]
[itbanglaapp2020.herokuapp.com/static/css/font-awesome.css]
[itbanglaapp2020.herokuapp.com/static/assets/fonts/fontawesome-webfont3e6e.eot]
[itbanglaapp2020.herokuapp.com/static/assets/fonts/fontawesome-webfontd41d.eot]
[itbanglaapp2020.herokuapp.com/static/assets/fonts/fontawesome-webfont3e6e.woff2]
[itbanglaapp2020.herokuapp.com/static/assets/fonts/fontawesome-webfont3e6e.woff]
[itbanglaapp2020.herokuapp.com/static/assets/fonts/fontawesome-webfont3e6e.ttf]
[itbanglaapp2020.herokuapp.com/static/assets/fonts/font-awesome.min.css]
[itbanglaapp2020.herokuapp.com/static/assets/fonts/themify-icons/themifyd41d.eot]
[itbanglaapp2020.herokuapp.com/static/assets/fonts/themify-icons/themify9f24.woff]
[itbanglaapp2020.herokuapp.com/static/assets/fonts/themify-icons/themify9f24.ttf]
[itbanglaapp2020.herokuapp.com/static/assets/fonts/themify-icons.css]
[itbanglaapp2020.herokuapp.com/static/assets/css/slicknav.css]
[itbanglaapp2020.herokuapp.com/static/assets/img/bg/bg-intro.jpg]
[itbanglaapp2020.herokuapp.com/static/assets/img/bg/counter-bg.jpg]
[itbanglaapp2020.herokuapp.com/static/assets/img/bg/bg-overlay.png]
[itbanglaapp2020.herokuapp.com/static/assets/img/bg/bg-intro-1.jpg]
[itbanglaapp2020.herokuapp.com/static/assets/img/parallax/bg-02.jpg]
[itbanglaapp2020.herokuapp.com/static/assets/img/testimonial/testimonial-bg.jpg]
[itbanglaapp2020.herokuapp.com/static/assets/css/main.css]
[itbanglaapp2020.herokuapp.com/static/assets/css/responsive.css]
[itbanglaapp2020.herokuapp.com/static/assets/css/colors/red.css]
[itbanglaapp2020.herokuapp.com/static/js/marquee_js.js]
[itbanglaapp2020.herokuapp.com/static/images/2.jpg]
[itbanglaapp2020.herokuapp.com/static/images/3.jpg]
[itbanglaapp2020.herokuapp.com/static/images/4.jpg]
[itbanglaapp2020.herokuapp.com/static/images/5.jpg]
[itbanglaapp2020.herokuapp.com/static/images/6.jpg]
[itbanglaapp2020.herokuapp.com/static/images/7.jpg]
[itbanglaapp2020.herokuapp.com/static/images/8.jpg]
[ajax.googleapis.com/ajax/libs/jquery/3.3.1/jquery.min.js]
[itbanglaapp2020.herokuapp.com/corporate_profile.html]
[itbanglaapp2020.herokuapp.com/goals.html]
[itbanglaapp2020.herokuapp.com/Business_focus.html]
[itbanglaapp2020.herokuapp.com/clients.html]
[itbanglaapp2020.herokuapp.com/Certificate_awards.html]
[itbanglaapp2020.herokuapp.com/ged.html]
[itbanglaapp2020.herokuapp.com/Industrial_training.html]
[itbanglaapp2020.herokuapp.com/oracle.html]
[itbanglaapp2020.herokuapp.com/JavaSE8.html]
[itbanglaapp2020.herokuapp.com/redhat.html]
[itbanglaapp2020.herokuapp.com/ccna.html]
[itbanglaapp2020.herokuapp.com/mcse.html]
[itbanglaapp2020.herokuapp.com/aspnet.html]
[itbanglaapp2020.herokuapp.com/web_development.html]
[itbanglaapp2020.herokuapp.com/RHCSS.html]
[itbanglaapp2020.herokuapp.com/ceh.html]
[itbanglaapp2020.herokuapp.com/PearsonVUE.html]
[itbanglaapp2020.herokuapp.com/testing_redhat.html]
[itbanglaapp2020.herokuapp.com/GMAT.html]
[itbanglaapp2020.herokuapp.com/Toefl.html]
[itbanglaapp2020.herokuapp.com/bcat.html]
[itbanglaapp2020.herokuapp.com/pte.html]
[itbanglaapp2020.herokuapp.com/hrms.html]
[itbanglaapp2020.herokuapp.com/pms.html]
[itbanglaapp2020.herokuapp.com/ams.html]
[itbanglaapp2020.herokuapp.com/lms.html]
[itbanglaapp2020.herokuapp.com/acms.html]
[itbanglaapp2020.herokuapp.com/ims.html]
[itbanglaapp2020.herokuapp.com/cdcp.html]
[itbanglaapp2020.herokuapp.com/cdcs.html]
[itbanglaapp2020.herokuapp.com/cisa.html]
[itbanglaapp2020.herokuapp.com/frelancer.html]
[itbanglaapp2020.herokuapp.com/Usajob.html]
[itbanglaapp2020.herokuapp.com/contact.html]
[itbanglaapp2020.herokuapp.com/single.html]
[itbanglaapp2020.herokuapp.com/index-2.html]
[itbanglaapp2020.herokuapp.com/static/images/g4.html]
[itbanglaapp2020.herokuapp.com/static/images/a44.html]
[itbanglaapp2020.herokuapp.com/static/images/a22.html]
[itbanglaapp2020.herokuapp.com/static/images/a33.html]
[itbanglaapp2020.herokuapp.com/single-post.html]
[itbanglaapp2020.herokuapp.com/about.html]
[itbanglaapp2020.herokuapp.com/ta.html]
[itbanglaapp2020.herokuapp.com/static/css/flexslider.css]
[itbanglaapp2020.herokuapp.com/static/fonts/glyphicons-halflings-regular.svg]
[itbanglaapp2020.herokuapp.com/static/fonts/fontawesome-webfont3e6e.svg]
[itbanglaapp2020.herokuapp.com/static/assets/fonts/fontawesome-webfont3e6e.svg]
[itbanglaapp2020.herokuapp.com/static/assets/fonts/themify-icons/fonts/themify9f24.html]
[itbanglaapp2020.herokuapp.com/static/assets/fonts/themify-icons/themify9f24.svg]
[itbanglaapp2020.herokuapp.com/static/css/marquee_styles.css]
[itbanglaapp2020.herokuapp.com/directors.html]
